---
source: src/transform_css.rs
expression: transform_css(input).unwrap()
---
unsupport-star{color:#000}.__PREFIX__a unsupport-star{height:100px}
