---
source: src/transform_css.rs
expression: transform_css(input).unwrap()
---
.__PREFIX__a [is=__HOST__]{color:#000}
