---
source: src/convert_css.rs
expression: e.to_string()
---
Parse error: Invalid media query at :0:29
