---
source: src/convert_css.rs
expression: e.to_string()
---
Parse error: @import rules must precede all rules aside from @charset and @layer statements at :2:14
