---
source: src/convert_css.rs
expression: result_unwrapped.css
---
.__PREFIX__body{height:"__RPX__(20)"}
