---
source: src/convert_token.rs
expression: result_unwrapped.host_css.unwrap_or_default()
---

