---
source: src/style_factory.rs
expression: e.reason
---
Transform error: Parse error: Unexpected end of input at :0:15
