---
source: src/convert_css.rs
expression: result.unwrap().css
---
@import-style ("./a.css");
