---
source: src/transform_css.rs
expression: transform_css(input).unwrap()
---
.__PREFIX__a:has(.__PREFIX__b){color:purple}
