---
source: src/transform_css.rs
expression: transform_css(input).unwrap()
---
.__PREFIX__a:where(.__PREFIX__b,.__PREFIX__c){color:green}
