---
source: src/convert_css.rs
expression: result_unwrapped.css
---

