---
source: src/convert_token.rs
expression: result.unwrap().css
---
@import-style ("./a.css");
