---
source: src/transform_css.rs
expression: transform_css(input).unwrap()
---
#abc .__PREFIX__a:not([meta\:tag=div].__PREFIX__b:not(.__PREFIX__c:not(.__PREFIX__d))) .__PREFIX__e::affter{color:red}
