---
source: src/transform_css.rs
expression: transform_css(input).unwrap()
---
@-webkit-keyframes anim-show{to{opacity:1}}@keyframes anim-show{to{opacity:1}}@-webkit-keyframes anim-hide{to{opacity:0}}@keyframes anim-hide{to{opacity:0}}
