---
source: src/convert_css.rs
expression: result.unwrap().css
---
@-webkit-keyframes anim-show{to{opacity:1;width:"__RPX__(30)"}}@keyframes anim-show{to{opacity:1;height:"__RPX__(-30)"}}@keyframes anim-hide{to{opacity:0}}
