---
source: src/transform_css.rs
expression: transform_css(input).unwrap()
---
.__PREFIX__body .__PREFIX__h1{--width:"__RPX__(100)";color:#fff;height:"__RPX__(-20)";width:var(--width,"__RPX__(200)");transform:translateX("__RPX__(100)");calc:calc("__RPX__(100)" + "__RPX__(-100)")}
