---
source: src/transform_css.rs
expression: result_unwrapped.css
---

