---
source: src/style_factory.rs
expression: res.unwrap()
---
export default function styleFactory(options) {
  var prefix = options.prefix || '';
  var tag = options.tag || function (tag) { return tag; };
  var rpx = options.rpx;
  var host = options.host || 'host-placeholder';
  var css = ["." , prefix , "a{color:red}", ""].join("");
  
  return css;
}
