---
source: src/convert_css.rs
expression: result.unwrap().css
---
.__PREFIX__a:has(.__PREFIX__b){color:purple}
