---
source: src/transform_css.rs
expression: e.to_string()
---
Parse error: Unexpected end of input at :0:18
