---
source: src/transform_css.rs
expression: transform_css(input).unwrap()
---
.__PREFIX__a:is(.__PREFIX__b,.__PREFIX__c){height:calc("__RPX__(50)" - var(--abc,"__RPX__(100)"))}
