---
source: src/convert_token.rs
expression: result_unwrapped.css
---

